{
  "apiVersion": "v1alpha1",
  "kind": "Version",
  "command": "version",
  "status": "success",
  "result": {
    "binary": "kasim",
    "productVersion": "dev",
    "sourceRevision": "unknown",
    "buildDate": "unknown",
    "schemaVersion": "v1alpha1",
    "catalogVersion": "2026-07-31",
    "kubernetesFloor": "1.30",
    "kubernetesCeiling": "1.36"
  }
}
