ClusterRole/contract-kasim-runtime-controller
ClusterRole/contract-kasim-runtime-kwok-controller
ClusterRole/contract-kasim-runtime-observer
ClusterRole/contract-kasim-runtime-operator
ClusterRole/contract-kasim-runtime-stage-installer
ClusterRoleBinding/contract-kasim-runtime-controller
ClusterRoleBinding/contract-kasim-runtime-kwok-controller
ClusterRoleBinding/contract-kasim-runtime-observer
ClusterRoleBinding/contract-kasim-runtime-operator
ClusterRoleBinding/contract-kasim-runtime-stage-installer
ConfigMap/contract-kasim-runtime-kwok
Deployment/contract-kasim-runtime-controller
Deployment/contract-kasim-runtime-kwok-controller
Job/contract-kasim-runtime-stage-apply
Job/contract-kasim-runtime-stage-delete
ServiceAccount/contract-kasim-runtime-controller
ServiceAccount/contract-kasim-runtime-kwok
ServiceAccount/contract-kasim-runtime-observer
ServiceAccount/contract-kasim-runtime-operator
ServiceAccount/contract-kasim-runtime-stage-installer
